     1                                  ;Se dau doua numere naturale a si b (a, b: word, definite in segmentul de date). Sa se calculeze produsul lor si sa se afiseze in urmatorul format: "<a> * <b> = <result>"
     2                                  ;Exemplu: "2 * 4 = 8"
     3                                  ;Valorile vor fi afisate in format decimal (baza 10) cu semn.
     4                                  bits 32 
     5                                  global start
     6                                  ; declararea functiilor externe folosite de program
     7                                  extern exit, printf, scanf ; adaugam printf si scanf ca functii externa            
     8                                  import exit msvcrt.dll    
     9                                  import printf msvcrt.dll    ; indicam asamblorului ca functia printf se gaseste in libraria msvcrt.dll
    10                                  import scanf msvcrt.dll     ; similar pentru scanf
    11                                  ; msvcrt.dll contains exit, printf and all the other important C-runtime specific functions
    12                                  ; our data is declared here (the variables needed by our program)
    13                                  segment data use32 class=data
    14 00000000 01000000                	a dd 1
    15 00000004 00000000                    b dd 0
    16 00000008 00000000                    c dd 0
    17 0000000C 2564202A2025642020-         format dw "%d * %d  = %d",0
    17 00000015 3D202564000000     
    18 0000001C 496E70757420746865-         message db "Input the second number",0
    18 00000025 207365636F6E64206E-
    18 0000002E 756D62657200       
    19 00000034 25640000                    f1 dw "%d",0
    20                                  segment code use32 class=code
    21                                  start:
    22                                      
    23 00000000 68[1C000000]                push dword message;we print the message
    24 00000005 FF15[00000000]              call [printf];we call the external function
    25 0000000B 83C404                      add esp,4*1;we empty the stack
    26 0000000E 68[04000000]                push dword b ; we push the scanf
    27 00000013 68[34000000]                push dword f1 ;we push the scanf
    28 00000018 FF15[00000000]              call [scanf] ; we call the function scanf
    29 0000001E 83C408                      add esp,4*2
    30 00000021 B800000000                  mov EAX,0
    31 00000026 A1[00000000]                mov EAX,[a] ;we move into eax de value
    32 0000002B F72D[04000000]              imul dword[b] ; we multiply with the other value
    33 00000031 A3[08000000]                mov [c],EAX ; we move into the new value the calculated value
    34 00000036 FF35[08000000]                  push dword[c] ;we push the parameters of the printf function
    35 0000003C FF35[04000000]                  push dword[b]
    36 00000042 FF35[00000000]                  push dword[a]
    37 00000048 68[0C000000]                    push dword format
    38 0000004D FF15[00000000]                  call [printf];we call the function
    39 00000053 83C410                          add esp, 4 * 4     ; eliberam parametrii de pe stiva; 4 = dimensiunea unui dword; 2 = nr de parametri
    40 00000056 6A00                            push dword 0; push the parameter for exit onto the stack
    41 00000058 FF15[00000000]                  call [exit]; call exit to terminate the program
    42                                  
