     1                                  ;(a+b)-(a+d)+(c-a)
     2                                  
     3                                  
     4                                  bits 32 ;assembling for the 32 bits architecture
     5                                  ; the start label will be the entry point in the program
     6                                  global  start 
     7                                  extern  exit ; we inform the assembler that the exit symbol is foreign, i.e. it exists even if we won't be defining it
     8                                  
     9                                  import  exit msvcrt.dll; exit is a function that ends the process, it is defined in msvcrt.dll
    10                                          ; msvcrt.dll contains exit, printf and all the other important C-runtime functions
    11                                  segment  data use32 class=data ; the data segment where the variables are declared 
    12 00000000 0A                      	a  db 10
    13 00000001 28                      	b  db 40
    14 00000002 1E                          c  db 30
    15 00000003 14                          d  db 20
    16                                  segment  code use32 class=code ; code segment
    17                                  start: 
    18 00000000 A0[00000000]            	mov AL,[a];we put a in AL
    19 00000005 0205[01000000]              add AL,[b];we add a +b and store it in AL
    20 0000000B 8A1D[03000000]              mov BL,[d] ;We move D into AL
    21 00000011 021D[00000000]              add BL,[a] ; We add d + a and store it in BL
    22 00000017 8A0D[02000000]              mov CL,[c] ; we move c into CL
    23 0000001D 2A0D[00000000]              sub CL,[a] ; we substract c- a and store it in CL
    24 00000023 28D8                        sub AL,BL ;we subtract Al - BL 
    25 00000025 00C8                        add AL,CL; we add (c-a)and store it in AL 
    26                                  	
    27 00000027 6A00                    	push   dword 0 ;saves on stack the parameter of the function exit
    28 00000029 FF15[00000000]          	call   [exit] ; function exit is called in order to end the execution of
    29                                  ;the program
